Archive member included to satisfy reference by file (symbol)

c:/ac6/systemworkbench/plugins/fr.ac6.mcu.externaltools.arm-none.win32_1.16.0.201807130628/tools/compiler/bin/../lib/gcc/arm-none-eabi/7.2.1/../../../../arm-none-eabi/lib/thumb/v7e-m/fpv4-sp/hard\libc_nano.a(lib_a-errno.o)
                              Application/SW4STM32/syscalls.o (__errno)
c:/ac6/systemworkbench/plugins/fr.ac6.mcu.externaltools.arm-none.win32_1.16.0.201807130628/tools/compiler/bin/../lib/gcc/arm-none-eabi/7.2.1/../../../../arm-none-eabi/lib/thumb/v7e-m/fpv4-sp/hard\libc_nano.a(lib_a-exit.o)
                              c:/ac6/systemworkbench/plugins/fr.ac6.mcu.externaltools.arm-none.win32_1.16.0.201807130628/tools/compiler/bin/../lib/gcc/arm-none-eabi/7.2.1/../../../../arm-none-eabi/lib/thumb/v7e-m/fpv4-sp/hard/crt0.o (exit)
c:/ac6/systemworkbench/plugins/fr.ac6.mcu.externaltools.arm-none.win32_1.16.0.201807130628/tools/compiler/bin/../lib/gcc/arm-none-eabi/7.2.1/../../../../arm-none-eabi/lib/thumb/v7e-m/fpv4-sp/hard\libc_nano.a(lib_a-impure.o)
                              c:/ac6/systemworkbench/plugins/fr.ac6.mcu.externaltools.arm-none.win32_1.16.0.201807130628/tools/compiler/bin/../lib/gcc/arm-none-eabi/7.2.1/../../../../arm-none-eabi/lib/thumb/v7e-m/fpv4-sp/hard\libc_nano.a(lib_a-exit.o) (_global_impure_ptr)
c:/ac6/systemworkbench/plugins/fr.ac6.mcu.externaltools.arm-none.win32_1.16.0.201807130628/tools/compiler/bin/../lib/gcc/arm-none-eabi/7.2.1/../../../../arm-none-eabi/lib/thumb/v7e-m/fpv4-sp/hard\libc_nano.a(lib_a-init.o)
                              c:/ac6/systemworkbench/plugins/fr.ac6.mcu.externaltools.arm-none.win32_1.16.0.201807130628/tools/compiler/bin/../lib/gcc/arm-none-eabi/7.2.1/../../../../arm-none-eabi/lib/thumb/v7e-m/fpv4-sp/hard/crt0.o (__libc_init_array)
c:/ac6/systemworkbench/plugins/fr.ac6.mcu.externaltools.arm-none.win32_1.16.0.201807130628/tools/compiler/bin/../lib/gcc/arm-none-eabi/7.2.1/../../../../arm-none-eabi/lib/thumb/v7e-m/fpv4-sp/hard\libc_nano.a(lib_a-memset.o)
                              c:/ac6/systemworkbench/plugins/fr.ac6.mcu.externaltools.arm-none.win32_1.16.0.201807130628/tools/compiler/bin/../lib/gcc/arm-none-eabi/7.2.1/../../../../arm-none-eabi/lib/thumb/v7e-m/fpv4-sp/hard/crt0.o (memset)

Allocating common symbols
Common symbol       size              file

D                   0x4               Application/User/main.o
Kierunek            0x4               Application/User/main.o
uwTick              0x4               Drivers/STM32F3xx_HAL_Driver/stm32f3xx_hal.o
pFlash              0x20              Drivers/STM32F3xx_HAL_Driver/stm32f3xx_hal_flash.o
Wariator            0x4               Application/User/main.o
PWMP                0x4               Application/User/main.o
htim3               0x40              Application/User/main.o
PWML                0x4               Application/User/main.o
Przyspieszenie      0x4               Application/User/main.o
Inwersja            0x4               Application/User/main.o
CunterB             0x4               Application/User/main.o
BT                  0x4               Application/User/main.o
htim1               0x40              Application/User/main.o
Dzielnik            0x4               Application/User/main.o
I                   0x4               Application/User/main.o
htim2               0x40              Application/User/main.o
B1                  0x4               Application/User/main.o
Ilosc_cykli         0x4               Application/User/main.o

Discarded input sections

 .text          0x00000000        0x0 c:/ac6/systemworkbench/plugins/fr.ac6.mcu.externaltools.arm-none.win32_1.16.0.201807130628/tools/compiler/bin/../lib/gcc/arm-none-eabi/7.2.1/thumb/v7e-m/fpv4-sp/hard/crti.o
 .data          0x00000000        0x0 c:/ac6/systemworkbench/plugins/fr.ac6.mcu.externaltools.arm-none.win32_1.16.0.201807130628/tools/compiler/bin/../lib/gcc/arm-none-eabi/7.2.1/thumb/v7e-m/fpv4-sp/hard/crti.o
 .bss           0x00000000        0x0 c:/ac6/systemworkbench/plugins/fr.ac6.mcu.externaltools.arm-none.win32_1.16.0.201807130628/tools/compiler/bin/../lib/gcc/arm-none-eabi/7.2.1/thumb/v7e-m/fpv4-sp/hard/crti.o
 .data          0x00000000        0x4 c:/ac6/systemworkbench/plugins/fr.ac6.mcu.externaltools.arm-none.win32_1.16.0.201807130628/tools/compiler/bin/../lib/gcc/arm-none-eabi/7.2.1/thumb/v7e-m/fpv4-sp/hard/crtbegin.o
 .text          0x00000000       0x74 c:/ac6/systemworkbench/plugins/fr.ac6.mcu.externaltools.arm-none.win32_1.16.0.201807130628/tools/compiler/bin/../lib/gcc/arm-none-eabi/7.2.1/../../../../arm-none-eabi/lib/thumb/v7e-m/fpv4-sp/hard/crt0.o
 .data          0x00000000        0x0 c:/ac6/systemworkbench/plugins/fr.ac6.mcu.externaltools.arm-none.win32_1.16.0.201807130628/tools/compiler/bin/../lib/gcc/arm-none-eabi/7.2.1/../../../../arm-none-eabi/lib/thumb/v7e-m/fpv4-sp/hard/crt0.o
[...]
Memory Configuration

Name             Origin             Length             Attributes
RAM              0x20000000         0x0000a000         xrw
CCMRAM           0x10000000         0x00002000         rw
FLASH            0x08000000         0x00040000         xr
*default*        0x00000000         0xffffffff

Linker script and memory map

LOAD c:/ac6/systemworkbench/plugins/fr.ac6.mcu.externaltools.arm-none.win32_1.16.0.201807130628/tools/compiler/bin/../lib/gcc/arm-none-eabi/7.2.1/thumb/v7e-m/fpv4-sp/hard/crti.o
LOAD c:/ac6/systemworkbench/plugins/fr.ac6.mcu.externaltools.arm-none.win32_1.16.0.201807130628/tools/compiler/bin/../lib/gcc/arm-none-eabi/7.2.1/thumb/v7e-m/fpv4-sp/hard/crtbegin.o
LOAD c:/ac6/systemworkbench/plugins/fr.ac6.mcu.externaltools.arm-none.win32_1.16.0.201807130628/tools/compiler/bin/../lib/gcc/arm-none-eabi/7.2.1/../../../../arm-none-eabi/lib/thumb/v7e-m/fpv4-sp/hard/crt0.o
LOAD Application/SW4STM32/startup_stm32f303xc.o
LOAD Application/SW4STM32/syscalls.o
LOAD Application/User/main.o
LOAD Application/User/stm32f3xx_hal_msp.o
LOAD Application/User/stm32f3xx_it.o
LOAD Drivers/CMSIS/system_stm32f3xx.o
LOAD Drivers/STM32F3xx_HAL_Driver/stm32f3xx_hal.o
LOAD Drivers/STM32F3xx_HAL_Driver/stm32f3xx_hal_cortex.o
LOAD Drivers/STM32F3xx_HAL_Driver/stm32f3xx_hal_dma.o
LOAD Drivers/STM32F3xx_HAL_Driver/stm32f3xx_hal_flash.o
LOAD Drivers/STM32F3xx_HAL_Driver/stm32f3xx_hal_flash_ex.o
LOAD Drivers/STM32F3xx_HAL_Driver/stm32f3xx_hal_gpio.o
LOAD Drivers/STM32F3xx_HAL_Driver/stm32f3xx_hal_i2c.o
LOAD Drivers/STM32F3xx_HAL_Driver/stm32f3xx_hal_i2c_ex.o
LOAD Drivers/STM32F3xx_HAL_Driver/stm32f3xx_hal_pwr.o
LOAD Drivers/STM32F3xx_HAL_Driver/stm32f3xx_hal_pwr_ex.o
LOAD Drivers/STM32F3xx_HAL_Driver/stm32f3xx_hal_rcc.o
LOAD Drivers/STM32F3xx_HAL_Driver/stm32f3xx_hal_rcc_ex.o
LOAD Drivers/STM32F3xx_HAL_Driver/stm32f3xx_hal_tim.o
LOAD Drivers/STM32F3xx_HAL_Driver/stm32f3xx_hal_tim_ex.o
LOAD c:/ac6/systemworkbench/plugins/fr.ac6.mcu.externaltools.arm-none.win32_1.16.0.201807130628/tools/compiler/bin/../lib/gcc/arm-none-eabi/7.2.1/../../../../arm-none-eabi/lib/thumb/v7e-m/fpv4-sp/hard\libm.a
START GROUP
LOAD c:/ac6/systemworkbench/plugins/fr.ac6.mcu.externaltools.arm-none.win32_1.16.0.201807130628/tools/compiler/bin/../lib/gcc/arm-none-eabi/7.2.1/thumb/v7e-m/fpv4-sp/hard\libgcc.a
LOAD c:/ac6/systemworkbench/plugins/fr.ac6.mcu.externaltools.arm-none.win32_1.16.0.201807130628/tools/compiler/bin/../lib/gcc/arm-none-eabi/7.2.1/../../../../arm-none-eabi/lib/thumb/v7e-m/fpv4-sp/hard\libc_nano.a
END GROUP
START GROUP
LOAD c:/ac6/systemworkbench/plugins/fr.ac6.mcu.externaltools.arm-none.win32_1.16.0.201807130628/tools/compiler/bin/../lib/gcc/arm-none-eabi/7.2.1/thumb/v7e-m/fpv4-sp/hard\libgcc.a
LOAD c:/ac6/systemworkbench/plugins/fr.ac6.mcu.externaltools.arm-none.win32_1.16.0.201807130628/tools/compiler/bin/../lib/gcc/arm-none-eabi/7.2.1/../../../../arm-none-eabi/lib/thumb/v7e-m/fpv4-sp/hard\libc_nano.a
LOAD c:/ac6/systemworkbench/plugins/fr.ac6.mcu.externaltools.arm-none.win32_1.16.0.201807130628/tools/compiler/bin/../lib/gcc/arm-none-eabi/7.2.1/../../../../arm-none-eabi/lib/thumb/v7e-m/fpv4-sp/hard\libnosys.a
END GROUP
START GROUP
LOAD c:/ac6/systemworkbench/plugins/fr.ac6.mcu.externaltools.arm-none.win32_1.16.0.201807130628/tools/compiler/bin/../lib/gcc/arm-none-eabi/7.2.1/thumb/v7e-m/fpv4-sp/hard\libgcc.a
LOAD c:/ac6/systemworkbench/plugins/fr.ac6.mcu.externaltools.arm-none.win32_1.16.0.201807130628/tools/compiler/bin/../lib/gcc/arm-none-eabi/7.2.1/../../../../arm-none-eabi/lib/thumb/v7e-m/fpv4-sp/hard\libc_nano.a
LOAD c:/ac6/systemworkbench/plugins/fr.ac6.mcu.externaltools.arm-none.win32_1.16.0.201807130628/tools/compiler/bin/../lib/gcc/arm-none-eabi/7.2.1/../../../../arm-none-eabi/lib/thumb/v7e-m/fpv4-sp/hard\libnosys.a
END GROUP
LOAD c:/ac6/systemworkbench/plugins/fr.ac6.mcu.externaltools.arm-none.win32_1.16.0.201807130628/tools/compiler/bin/../lib/gcc/arm-none-eabi/7.2.1/thumb/v7e-m/fpv4-sp/hard/crtend.o
LOAD c:/ac6/systemworkbench/plugins/fr.ac6.mcu.externaltools.arm-none.win32_1.16.0.201807130628/tools/compiler/bin/../lib/gcc/arm-none-eabi/7.2.1/thumb/v7e-m/fpv4-sp/hard/crtn.o
                0x2000a000                _estack = 0x2000a000
                0x00000200                _Min_Heap_Size = 0x200
                0x00000400                _Min_Stack_Size = 0x400

.isr_vector     0x08000000      0x188
                0x08000000                . = ALIGN (0x4)
 *(.isr_vector)
 .isr_vector    0x08000000      0x188 Application/SW4STM32/startup_stm32f303xc.o
                0x08000000                g_pfnVectors
                0x08000188                . = ALIGN (0x4)

.text           0x08000188     0x2048
                0x08000188                . = ALIGN (0x4)
 *(.text)
 .text          0x08000188       0x40 c:/ac6/systemworkbench/plugins/fr.ac6.mcu.externaltools.arm-none.win32_1.16.0.201807130628/tools/compiler/bin/../lib/gcc/arm-none-eabi/7.2.1/thumb/v7e-m/fpv4-sp/hard/crtbegin.o
 *(.text*)
 .text.Reset_Handler
                0x080001c8       0x50 Application/SW4STM32/startup_stm32f303xc.o
                0x080001c8                Reset_Handler
 .text.Default_Handler
                0x08000218        0x2 Application/SW4STM32/startup_stm32f303xc.o
                0x08000218                RTC_Alarm_IRQHandler
                0x08000218                TIM8_TRG_COM_IRQHandler
                0x08000218                TIM8_CC_IRQHandler
                0x08000218                TIM1_CC_IRQHandler
                0x08000218                USB_HP_IRQHandler
                0x08000218                PVD_IRQHandler
                0x08000218                TAMP_STAMP_IRQHandler
                0x08000218                EXTI3_IRQHandler
                0x08000218                USB_HP_CAN_TX_IRQHandler
                0x08000218                EXTI0_IRQHandler
                0x08000218                I2C2_EV_IRQHandler
                0x08000218                FPU_IRQHandler
                0x08000218                TIM1_UP_TIM16_IRQHandler
                0x08000218                ADC1_2_IRQHandler
                0x08000218                SPI1_IRQHandler
                0x08000218                CAN_SCE_IRQHandler
                0x08000218                TIM6_DAC_IRQHandler
                0x08000218                TIM8_UP_IRQHandler
                0x08000218                DMA2_Channel2_IRQHandler
                0x08000218                DMA1_Channel4_IRQHandler
                0x08000218                USART3_IRQHandler
                0x08000218                DMA1_Channel7_IRQHandler
                0x08000218                UART5_IRQHandler
                0x08000218                ADC3_IRQHandler
                0x08000218                TIM4_IRQHandler
                0x08000218                CAN_RX1_IRQHandler
                0x08000218                DMA2_Channel1_IRQHandler
                0x08000218                I2C1_EV_IRQHandler
                0x08000218                DMA1_Channel6_IRQHandler
                0x08000218                UART4_IRQHandler
                0x08000218                DMA2_Channel4_IRQHandler
                0x08000218                TIM3_IRQHandler
                0x08000218                RCC_IRQHandler
                0x08000218                DMA1_Channel1_IRQHandler
                0x08000218                Default_Handler
                0x08000218                USBWakeUp_RMP_IRQHandler
                0x08000218                EXTI15_10_IRQHandler
                0x08000218                TIM7_IRQHandler
                0x08000218                EXTI9_5_IRQHandler
                0x08000218                RTC_WKUP_IRQHandler
                0x08000218                SPI2_IRQHandler
                0x08000218                USB_LP_CAN_RX0_IRQHandler
                0x08000218                DMA2_Channel5_IRQHandler
                0x08000218                DMA1_Channel5_IRQHandler
                0x08000218                USB_LP_IRQHandler
                0x08000218                EXTI4_IRQHandler
                0x08000218                TIM1_TRG_COM_TIM17_IRQHandler
                0x08000218                DMA1_Channel3_IRQHandler
                0x08000218                ADC4_IRQHandler
                0x08000218                WWDG_IRQHandler
                0x08000218                TIM2_IRQHandler
                0x08000218                COMP7_IRQHandler
                0x08000218                COMP1_2_3_IRQHandler
                0x08000218                EXTI1_IRQHandler
                0x08000218                USART2_IRQHandler
                0x08000218                COMP4_5_6_IRQHandler
                0x08000218                I2C2_ER_IRQHandler
                0x08000218                DMA1_Channel2_IRQHandler
                0x08000218                TIM8_BRK_IRQHandler
                0x08000218                FLASH_IRQHandler
                0x08000218                USART1_IRQHandler
                0x08000218                SPI3_IRQHandler
                0x08000218                I2C1_ER_IRQHandler
                0x08000218                USBWakeUp_IRQHandler
                0x08000218                DMA2_Channel3_IRQHandler
                0x08000218                EXTI2_TSC_IRQHandler
                0x08000218                TIM1_BRK_TIM15_IRQHandler
 *fill*         0x0800021a        0x2 
 .text.MX_GPIO_Init
                0x0800021c      0x170 Application/User/main.o
 .text.MX_TIM3_Init
                0x0800038c       0x68 Application/User/main.o
 .text.MX_TIM2_Init
                0x080003f4       0x68 Application/User/main.o
 .text.MX_TIM1_Init
                0x0800045c       0xa4 Application/User/main.o
 .text.SystemClock_Config
                0x08000500       0x68 Application/User/main.o
                0x08000500                SystemClock_Config
 .text.main     0x08000568      0x5f8 Application/User/main.o
                0x08000568                main
 .text.HAL_MspInit
                0x08000b60       0x3c Application/User/stm32f3xx_hal_msp.o
                0x08000b60                HAL_MspInit
 .text.HAL_TIM_PWM_MspInit
                0x08000b9c       0x6c Application/User/stm32f3xx_hal_msp.o
                0x08000b9c                HAL_TIM_PWM_MspInit
 .text.HAL_TIM_MspPostInit
                0x08000c08       0xbc Application/User/stm32f3xx_hal_msp.o
                0x08000c08                HAL_TIM_MspPostInit
 .text.NMI_Handler
                0x08000cc4        0x2 Application/User/stm32f3xx_it.o
                0x08000cc4                NMI_Handler
 .text.HardFault_Handler
                0x08000cc6        0x2 Application/User/stm32f3xx_it.o
                0x08000cc6                HardFault_Handler
 .text.MemManage_Handler
                0x08000cc8        0x2 Application/User/stm32f3xx_it.o
                0x08000cc8                MemManage_Handler
 .text.BusFault_Handler
                0x08000cca        0x2 Application/User/stm32f3xx_it.o
                0x08000cca                BusFault_Handler
 .text.UsageFault_Handler
                0x08000ccc        0x2 Application/User/stm32f3xx_it.o
                0x08000ccc                UsageFault_Handler
 .text.SVC_Handler
                0x08000cce        0x2 Application/User/stm32f3xx_it.o
                0x08000cce                SVC_Handler
 .text.DebugMon_Handler
                0x08000cd0        0x2 Application/User/stm32f3xx_it.o
                0x08000cd0                DebugMon_Handler
 .text.PendSV_Handler
                0x08000cd2        0x2 Application/User/stm32f3xx_it.o
                0x08000cd2                PendSV_Handler
 .text.SysTick_Handler
                0x08000cd4        0x8 Application/User/stm32f3xx_it.o
                0x08000cd4                SysTick_Handler
 .text.SystemInit
                0x08000cdc       0x68 Drivers/CMSIS/system_stm32f3xx.o
                0x08000cdc                SystemInit
 .text.HAL_InitTick
                0x08000d44       0x48 Drivers/STM32F3xx_HAL_Driver/stm32f3xx_hal.o
                0x08000d44                HAL_InitTick
 .text.HAL_Init
                0x08000d8c       0x24 Drivers/STM32F3xx_HAL_Driver/stm32f3xx_hal.o
                0x08000d8c                HAL_Init
 .text.HAL_IncTick
                0x08000db0       0x18 Drivers/STM32F3xx_HAL_Driver/stm32f3xx_hal.o
                0x08000db0                HAL_IncTick
 .text.HAL_GetTick
                0x08000dc8        0xc Drivers/STM32F3xx_HAL_Driver/stm32f3xx_hal.o
                0x08000dc8                HAL_GetTick
 .text.HAL_Delay
                0x08000dd4       0x28 Drivers/STM32F3xx_HAL_Driver/stm32f3xx_hal.o
                0x08000dd4                HAL_Delay
 .text.HAL_NVIC_SetPriorityGrouping
                0x08000dfc       0x24 Drivers/STM32F3xx_HAL_Driver/stm32f3xx_hal_cortex.o
                0x08000dfc                HAL_NVIC_SetPriorityGrouping
 .text.HAL_NVIC_SetPriority
                0x08000e20       0x68 Drivers/STM32F3xx_HAL_Driver/stm32f3xx_hal_cortex.o
                0x08000e20                HAL_NVIC_SetPriority
 .text.HAL_SYSTICK_Config
                0x08000e88       0x2c Drivers/STM32F3xx_HAL_Driver/stm32f3xx_hal_cortex.o
                0x08000e88                HAL_SYSTICK_Config
 .text.HAL_GPIO_Init
                0x08000eb4      0x194 Drivers/STM32F3xx_HAL_Driver/stm32f3xx_hal_gpio.o
                0x08000eb4                HAL_GPIO_Init
 .text.HAL_GPIO_ReadPin
                0x08001048        0xe Drivers/STM32F3xx_HAL_Driver/stm32f3xx_hal_gpio.o
                0x08001048                HAL_GPIO_ReadPin
 .text.HAL_GPIO_WritePin
                0x08001056        0xa Drivers/STM32F3xx_HAL_Driver/stm32f3xx_hal_gpio.o
                0x08001056                HAL_GPIO_WritePin
 .text.HAL_RCC_OscConfig
                0x08001060      0x618 Drivers/STM32F3xx_HAL_Driver/stm32f3xx_hal_rcc.o
                0x08001060                HAL_RCC_OscConfig
 .text.HAL_RCC_GetSysClockFreq
                0x08001678       0x70 Drivers/STM32F3xx_HAL_Driver/stm32f3xx_hal_rcc.o
                0x08001678                HAL_RCC_GetSysClockFreq
 .text.HAL_RCC_ClockConfig
                0x080016e8      0x1a0 Drivers/STM32F3xx_HAL_Driver/stm32f3xx_hal_rcc.o
                0x080016e8                HAL_RCC_ClockConfig
 .text.HAL_RCCEx_PeriphCLKConfig
                0x08001888      0x268 Drivers/STM32F3xx_HAL_Driver/stm32f3xx_hal_rcc_ex.o
                0x08001888                HAL_RCCEx_PeriphCLKConfig
 .text.TIM_Base_SetConfig
                0x08001af0       0xb8 Drivers/STM32F3xx_HAL_Driver/stm32f3xx_hal_tim.o
                0x08001af0                TIM_Base_SetConfig
 .text.HAL_TIM_PWM_Init
                0x08001ba8       0x32 Drivers/STM32F3xx_HAL_Driver/stm32f3xx_hal_tim.o
                0x08001ba8                HAL_TIM_PWM_Init
 *fill*         0x08001bda        0x2 
 .text.TIM_OC1_SetConfig
                0x08001bdc       0x9c Drivers/STM32F3xx_HAL_Driver/stm32f3xx_hal_tim.o
                0x08001bdc                TIM_OC1_SetConfig
 .text.TIM_OC2_SetConfig
                0x08001c78       0x8c Drivers/STM32F3xx_HAL_Driver/stm32f3xx_hal_tim.o
                0x08001c78                TIM_OC2_SetConfig
 .text.TIM_OC3_SetConfig
                0x08001d04       0x8c Drivers/STM32F3xx_HAL_Driver/stm32f3xx_hal_tim.o
                0x08001d04                TIM_OC3_SetConfig
 .text.TIM_OC4_SetConfig
                0x08001d90       0x6c Drivers/STM32F3xx_HAL_Driver/stm32f3xx_hal_tim.o
                0x08001d90                TIM_OC4_SetConfig
 .text.TIM_CCxChannelCmd
                0x08001dfc       0x1e Drivers/STM32F3xx_HAL_Driver/stm32f3xx_hal_tim.o
                0x08001dfc                TIM_CCxChannelCmd
 *fill*         0x08001e1a        0x2 
 .text.HAL_TIM_PWM_Start
                0x08001e1c       0x50 Drivers/STM32F3xx_HAL_Driver/stm32f3xx_hal_tim.o
                0x08001e1c                HAL_TIM_PWM_Start
 .text.TIM_OC5_SetConfig
                0x08001e6c       0x68 Drivers/STM32F3xx_HAL_Driver/stm32f3xx_hal_tim_ex.o
 .text.TIM_OC6_SetConfig
                0x08001ed4       0x6c Drivers/STM32F3xx_HAL_Driver/stm32f3xx_hal_tim_ex.o
 .text.HAL_TIM_PWM_ConfigChannel
                0x08001f40      0x134 Drivers/STM32F3xx_HAL_Driver/stm32f3xx_hal_tim_ex.o
                0x08001f40                HAL_TIM_PWM_ConfigChannel
 .text.HAL_TIMEx_MasterConfigSynchronization
                0x08002074       0x58 Drivers/STM32F3xx_HAL_Driver/stm32f3xx_hal_tim_ex.o
                0x08002074                HAL_TIMEx_MasterConfigSynchronization
 .text.HAL_TIMEx_ConfigBreakDeadTime
                0x080020cc       0x94 Drivers/STM32F3xx_HAL_Driver/stm32f3xx_hal_tim_ex.o
                0x080020cc                HAL_TIMEx_ConfigBreakDeadTime
 .text.__libc_init_array
                0x08002160       0x48 c:/ac6/systemworkbench/plugins/fr.ac6.mcu.externaltools.arm-none.win32_1.16.0.201807130628/tools/compiler/bin/../lib/gcc/arm-none-eabi/7.2.1/../../../../arm-none-eabi/lib/thumb/v7e-m/fpv4-sp/hard\libc_nano.a(lib_a-init.o)
                0x08002160                __libc_init_array
 .text.memset   0x080021a8       0x10 c:/ac6/systemworkbench/plugins/fr.ac6.mcu.externaltools.arm-none.win32_1.16.0.201807130628/tools/compiler/bin/../lib/gcc/arm-none-eabi/7.2.1/../../../../arm-none-eabi/lib/thumb/v7e-m/fpv4-sp/hard\libc_nano.a(lib_a-memset.o)
                0x080021a8                memset
 *(.glue_7)
 .glue_7        0x080021b8        0x0 linker stubs
 *(.glue_7t)
 .glue_7t       0x080021b8        0x0 linker stubs
 *(.eh_frame)
 .eh_frame      0x080021b8        0x0 c:/ac6/systemworkbench/plugins/fr.ac6.mcu.externaltools.arm-none.win32_1.16.0.201807130628/tools/compiler/bin/../lib/gcc/arm-none-eabi/7.2.1/thumb/v7e-m/fpv4-sp/hard/crtbegin.o
 *(.init)
 .init          0x080021b8        0x4 c:/ac6/systemworkbench/plugins/fr.ac6.mcu.externaltools.arm-none.win32_1.16.0.201807130628/tools/compiler/bin/../lib/gcc/arm-none-eabi/7.2.1/thumb/v7e-m/fpv4-sp/hard/crti.o
                0x080021b8                _init
 .init          0x080021bc        0x8 c:/ac6/systemworkbench/plugins/fr.ac6.mcu.externaltools.arm-none.win32_1.16.0.201807130628/tools/compiler/bin/../lib/gcc/arm-none-eabi/7.2.1/thumb/v7e-m/fpv4-sp/hard/crtn.o
 *(.fini)
 .fini          0x080021c4        0x4 c:/ac6/systemworkbench/plugins/fr.ac6.mcu.externaltools.arm-none.win32_1.16.0.201807130628/tools/compiler/bin/../lib/gcc/arm-none-eabi/7.2.1/thumb/v7e-m/fpv4-sp/hard/crti.o
                0x080021c4                _fini
 .fini          0x080021c8        0x8 c:/ac6/systemworkbench/plugins/fr.ac6.mcu.externaltools.arm-none.win32_1.16.0.201807130628/tools/compiler/bin/../lib/gcc/arm-none-eabi/7.2.1/thumb/v7e-m/fpv4-sp/hard/crtn.o
                0x080021d0                . = ALIGN (0x4)
                0x080021d0                _etext = .

.vfp11_veneer   0x080021d0        0x0
 .vfp11_veneer  0x080021d0        0x0 linker stubs

.v4_bx          0x080021d0        0x0
 .v4_bx         0x080021d0        0x0 linker stubs

.iplt           0x080021d0        0x0
 .iplt          0x080021d0        0x0 c:/ac6/systemworkbench/plugins/fr.ac6.mcu.externaltools.arm-none.win32_1.16.0.201807130628/tools/compiler/bin/../lib/gcc/arm-none-eabi/7.2.1/thumb/v7e-m/fpv4-sp/hard/crtbegin.o

.rodata         0x080021d0       0x38
                0x080021d0                . = ALIGN (0x4)
 *(.rodata)
 .rodata        0x080021d0       0x18 Drivers/CMSIS/system_stm32f3xx.o
                0x080021d0                AHBPrescTable
                0x080021e0                APBPrescTable
 .rodata        0x080021e8       0x20 Drivers/STM32F3xx_HAL_Driver/stm32f3xx_hal_rcc.o
                0x080021e8                aPLLMULFactorTable
                0x080021f8                aPredivFactorTable
 *(.rodata*)
                0x08002208                . = ALIGN (0x4)

.rel.dyn        0x08002208        0x0
 .rel.iplt      0x08002208        0x0 c:/ac6/systemworkbench/plugins/fr.ac6.mcu.externaltools.arm-none.win32_1.16.0.201807130628/tools/compiler/bin/../lib/gcc/arm-none-eabi/7.2.1/thumb/v7e-m/fpv4-sp/hard/crtbegin.o

.ARM.extab
 *(.ARM.extab* .gnu.linkonce.armextab.*)

.ARM            0x08002208        0x0
                0x08002208                __exidx_start = .
 *(.ARM.exidx*)
                0x08002208                __exidx_end = .

.preinit_array  0x08002208        0x0
                0x08002208                PROVIDE (__preinit_array_start, .)
 *(.preinit_array*)
                0x08002208                PROVIDE (__preinit_array_end, .)

.init_array     0x08002208        0x4
                0x08002208                PROVIDE (__init_array_start, .)
 *(SORT_BY_NAME(.init_array.*))
 *(.init_array*)
 .init_array    0x08002208        0x4 c:/ac6/systemworkbench/plugins/fr.ac6.mcu.externaltools.arm-none.win32_1.16.0.201807130628/tools/compiler/bin/../lib/gcc/arm-none-eabi/7.2.1/thumb/v7e-m/fpv4-sp/hard/crtbegin.o
                0x0800220c                PROVIDE (__init_array_end, .)

.fini_array     0x0800220c        0x4
                [!provide]                PROVIDE (__fini_array_start, .)
 *(SORT_BY_NAME(.fini_array.*))
 *(.fini_array*)
 .fini_array    0x0800220c        0x4 c:/ac6/systemworkbench/plugins/fr.ac6.mcu.externaltools.arm-none.win32_1.16.0.201807130628/tools/compiler/bin/../lib/gcc/arm-none-eabi/7.2.1/thumb/v7e-m/fpv4-sp/hard/crtbegin.o
                [!provide]                PROVIDE (__fini_array_end, .)
                0x08002210                _sidata = LOADADDR (.data)

.data           0x20000000        0xc load address 0x08002210
                0x20000000                . = ALIGN (0x4)
                0x20000000                _sdata = .
 *(.data)
 .data          0x20000000        0x4 Drivers/CMSIS/system_stm32f3xx.o
                0x20000000                SystemCoreClock
 .data          0x20000004        0x8 Drivers/STM32F3xx_HAL_Driver/stm32f3xx_hal.o
                0x20000004                uwTickFreq
                0x20000008                uwTickPrio
 *(.data*)
                0x2000000c                . = ALIGN (0x4)
                0x2000000c                _edata = .
                0x0800221c                _siccmram = LOADADDR (.ccmram)

.igot.plt       0x2000000c        0x0 load address 0x0800221c
 .igot.plt      0x2000000c        0x0 c:/ac6/systemworkbench/plugins/fr.ac6.mcu.externaltools.arm-none.win32_1.16.0.201807130628/tools/compiler/bin/../lib/gcc/arm-none-eabi/7.2.1/thumb/v7e-m/fpv4-sp/hard/crtbegin.o

.ccmram         0x10000000        0x0 load address 0x0800221c
                0x10000000                . = ALIGN (0x4)
                0x10000000                _sccmram = .
 *(.ccmram)
 *(.ccmram*)
                0x10000000                . = ALIGN (0x4)
                0x10000000                _eccmram = .
                0x10000000                . = ALIGN (0x4)

.bss            0x2000000c      0x114
                0x2000000c                _sbss = .
                0x2000000c                __bss_start__ = _sbss
 *(.bss)
 .bss           0x2000000c       0x1c c:/ac6/systemworkbench/plugins/fr.ac6.mcu.externaltools.arm-none.win32_1.16.0.201807130628/tools/compiler/bin/../lib/gcc/arm-none-eabi/7.2.1/thumb/v7e-m/fpv4-sp/hard/crtbegin.o
 *(.bss*)
 *(COMMON)
 COMMON         0x20000028       0xf4 Application/User/main.o
                0x20000028                D
                0x2000002c                Kierunek
                0x20000030                Wariator
                0x20000034                PWMP
                0x20000038                htim3
                0x20000078                PWML
                0x2000007c                Przyspieszenie
                0x20000080                Inwersja
                0x20000084                CunterB
                0x20000088                BT
                0x2000008c                htim1
                0x200000cc                Dzielnik
                0x200000d0                I
                0x200000d4                htim2
                0x20000114                B1
                0x20000118                Ilosc_cykli
 COMMON         0x2000011c        0x4 Drivers/STM32F3xx_HAL_Driver/stm32f3xx_hal.o
                0x2000011c                uwTick
                0x20000120                . = ALIGN (0x4)
                0x20000120                _ebss = .
                0x20000120                __bss_end__ = _ebss

._user_heap_stack
                0x20000120      0x600
                0x20000120                . = ALIGN (0x8)
                0x20000120                PROVIDE (end, .)
                [!provide]                PROVIDE (_end, .)
                0x20000320                . = (. + _Min_Heap_Size)
 *fill*         0x20000120      0x200 
                0x20000720                . = (. + _Min_Stack_Size)
 *fill*         0x20000320      0x400 
                0x20000720                . = ALIGN (0x8)

/DISCARD/
 libc.a(*)
 libm.a(*)
 libgcc.a(*)

.ARM.attributes
                0x00000000       0x30
 *(.ARM.attributes)
 .ARM.attributes
                0x00000000       0x22 c:/ac6/systemworkbench/plugins/fr.ac6.mcu.externaltools.arm-none.win32_1.16.0.201807130628/tools/compiler/bin/../lib/gcc/arm-none-eabi/7.2.1/thumb/v7e-m/fpv4-sp/hard/crti.o
 .ARM.attributes
                0x00000022       0x34 c:/ac6/systemworkbench/plugins/fr.ac6.mcu.externaltools.arm-none.win32_1.16.0.201807130628/tools/compiler/bin/../lib/gcc/arm-none-eabi/7.2.1/thumb/v7e-m/fpv4-sp/hard/crtbegin.o
 .ARM.attributes
                0x00000056       0x21 Application/SW4STM32/startup_stm32f303xc.o
 .ARM.attributes
                0x00000077       0x39 Application/User/main.o
 .ARM.attributes
                0x000000b0       0x39 Application/User/stm32f3xx_hal_msp.o
 .ARM.attributes
                0x000000e9       0x39 Application/User/stm32f3xx_it.o
 .ARM.attributes
                0x00000122       0x39 Drivers/CMSIS/system_stm32f3xx.o
 .ARM.attributes
                0x0000015b       0x39 Drivers/STM32F3xx_HAL_Driver/stm32f3xx_hal.o
 .ARM.attributes
                0x00000194       0x39 Drivers/STM32F3xx_HAL_Driver/stm32f3xx_hal_cortex.o
 .ARM.attributes
                0x000001cd       0x39 Drivers/STM32F3xx_HAL_Driver/stm32f3xx_hal_gpio.o
 .ARM.attributes
                0x00000206       0x39 Drivers/STM32F3xx_HAL_Driver/stm32f3xx_hal_rcc.o
 .ARM.attributes
                0x0000023f       0x39 Drivers/STM32F3xx_HAL_Driver/stm32f3xx_hal_rcc_ex.o
 .ARM.attributes
                0x00000278       0x39 Drivers/STM32F3xx_HAL_Driver/stm32f3xx_hal_tim.o
 .ARM.attributes
                0x000002b1       0x39 Drivers/STM32F3xx_HAL_Driver/stm32f3xx_hal_tim_ex.o
 .ARM.attributes
                0x000002ea       0x34 c:/ac6/systemworkbench/plugins/fr.ac6.mcu.externaltools.arm-none.win32_1.16.0.201807130628/tools/compiler/bin/../lib/gcc/arm-none-eabi/7.2.1/../../../../arm-none-eabi/lib/thumb/v7e-m/fpv4-sp/hard\libc_nano.a(lib_a-init.o)
 .ARM.attributes
                0x0000031e       0x34 c:/ac6/systemworkbench/plugins/fr.ac6.mcu.externaltools.arm-none.win32_1.16.0.201807130628/tools/compiler/bin/../lib/gcc/arm-none-eabi/7.2.1/../../../../arm-none-eabi/lib/thumb/v7e-m/fpv4-sp/hard\libc_nano.a(lib_a-memset.o)
 .ARM.attributes
                0x00000352       0x22 c:/ac6/systemworkbench/plugins/fr.ac6.mcu.externaltools.arm-none.win32_1.16.0.201807130628/tools/compiler/bin/../lib/gcc/arm-none-eabi/7.2.1/thumb/v7e-m/fpv4-sp/hard/crtn.o
OUTPUT(ZajebistyLF.elf elf32-littlearm)

.debug_line     0x00000000     0x7efa
 .debug_line    0x00000000       0xb7 Application/SW4STM32/startup_stm32f303xc.o
 .debug_line    0x000000b7      0x934 Application/User/main.o
 .debug_line    0x000009eb      0x83f Application/User/stm32f3xx_hal_msp.o
 .debug_line    0x0000122a      0x855 Application/User/stm32f3xx_it.o
 .debug_line    0x00001a7f      0x7ed Drivers/CMSIS/system_stm32f3xx.o
 .debug_line    0x0000226c      0x99a Drivers/STM32F3xx_HAL_Driver/stm32f3xx_hal.o
 .debug_line    0x00002c06      0x9e7 Drivers/STM32F3xx_HAL_Driver/stm32f3xx_hal_cortex.o
 .debug_line    0x000035ed      0x928 Drivers/STM32F3xx_HAL_Driver/stm32f3xx_hal_gpio.o
 .debug_line    0x00003f15      0xcb0 Drivers/STM32F3xx_HAL_Driver/stm32f3xx_hal_rcc.o
 .debug_line    0x00004bc5      0xa6f Drivers/STM32F3xx_HAL_Driver/stm32f3xx_hal_rcc_ex.o
 .debug_line    0x00005634     0x199e Drivers/STM32F3xx_HAL_Driver/stm32f3xx_hal_tim.o
 .debug_line    0x00006fd2      0xf28 Drivers/STM32F3xx_HAL_Driver/stm32f3xx_hal_tim_ex.o

.debug_info     0x00000000    0x1016d
 .debug_info    0x00000000       0x22 Application/SW4STM32/startup_stm32f303xc.o
 .debug_info    0x00000022     0x1e3f Application/User/main.o
 .debug_info    0x00001e61     0x11f0 Application/User/stm32f3xx_hal_msp.o
 .debug_info    0x00003051      0xa49 Application/User/stm32f3xx_it.o
 .debug_info    0x00003a9a      0xc82 Drivers/CMSIS/system_stm32f3xx.o
 .debug_info    0x0000471c     0x10a0 Drivers/STM32F3xx_HAL_Driver/stm32f3xx_hal.o
 .debug_info    0x000057bc     0x1714 Drivers/STM32F3xx_HAL_Driver/stm32f3xx_hal_cortex.o
 .debug_info    0x00006ed0      0xf42 Drivers/STM32F3xx_HAL_Driver/stm32f3xx_hal_gpio.o
 .debug_info    0x00007e12     0x1c80 Drivers/STM32F3xx_HAL_Driver/stm32f3xx_hal_rcc.o
 .debug_info    0x00009a92      0xfd5 Drivers/STM32F3xx_HAL_Driver/stm32f3xx_hal_rcc_ex.o
 .debug_info    0x0000aa67     0x3821 Drivers/STM32F3xx_HAL_Driver/stm32f3xx_hal_tim.o
 .debug_info    0x0000e288     0x1ee5 Drivers/STM32F3xx_HAL_Driver/stm32f3xx_hal_tim_ex.o

.debug_abbrev   0x00000000     0x1f0b
 .debug_abbrev  0x00000000       0x12 Application/SW4STM32/startup_stm32f303xc.o
 .debug_abbrev  0x00000012      0x2d9 Application/User/main.o
 .debug_abbrev  0x000002eb      0x263 Application/User/stm32f3xx_hal_msp.o
 .debug_abbrev  0x0000054e      0x201 Application/User/stm32f3xx_it.o
 .debug_abbrev  0x0000074f      0x21f Drivers/CMSIS/system_stm32f3xx.o
 .debug_abbrev  0x0000096e      0x2e1 Drivers/STM32F3xx_HAL_Driver/stm32f3xx_hal.o
 .debug_abbrev  0x00000c4f      0x3ba Drivers/STM32F3xx_HAL_Driver/stm32f3xx_hal_cortex.o
 .debug_abbrev  0x00001009      0x2a7 Drivers/STM32F3xx_HAL_Driver/stm32f3xx_hal_gpio.o
 .debug_abbrev  0x000012b0      0x365 Drivers/STM32F3xx_HAL_Driver/stm32f3xx_hal_rcc.o
 .debug_abbrev  0x00001615      0x336 Drivers/STM32F3xx_HAL_Driver/stm32f3xx_hal_rcc_ex.o
 .debug_abbrev  0x0000194b      0x2e0 Drivers/STM32F3xx_HAL_Driver/stm32f3xx_hal_tim.o
 .debug_abbrev  0x00001c2b      0x2e0 Drivers/STM32F3xx_HAL_Driver/stm32f3xx_hal_tim_ex.o

.debug_aranges  0x00000000      0x8c8
 .debug_aranges
                0x00000000       0x28 Application/SW4STM32/startup_stm32f303xc.o
 .debug_aranges
                0x00000028       0x50 Application/User/main.o
 .debug_aranges
                0x00000078       0x38 Application/User/stm32f3xx_hal_msp.o
 .debug_aranges
                0x000000b0       0x60 Application/User/stm32f3xx_it.o
 .debug_aranges
                0x00000110       0x28 Drivers/CMSIS/system_stm32f3xx.o
 .debug_aranges
                0x00000138       0xe0 Drivers/STM32F3xx_HAL_Driver/stm32f3xx_hal.o
 .debug_aranges
                0x00000218       0xa8 Drivers/STM32F3xx_HAL_Driver/stm32f3xx_hal_cortex.o
 .debug_aranges
                0x000002c0       0x58 Drivers/STM32F3xx_HAL_Driver/stm32f3xx_hal_gpio.o
 .debug_aranges
                0x00000318       0x88 Drivers/STM32F3xx_HAL_Driver/stm32f3xx_hal_rcc.o
 .debug_aranges
                0x000003a0       0x38 Drivers/STM32F3xx_HAL_Driver/stm32f3xx_hal_rcc_ex.o
 .debug_aranges
                0x000003d8      0x378 Drivers/STM32F3xx_HAL_Driver/stm32f3xx_hal_tim.o
 .debug_aranges
                0x00000750      0x178 Drivers/STM32F3xx_HAL_Driver/stm32f3xx_hal_tim_ex.o

.debug_str      0x00000000    0x942a1
 .debug_str     0x00000000       0xbd Application/SW4STM32/startup_stm32f303xc.o
 .debug_str     0x000000bd    0x91c10 Application/User/main.o
                              0x91f0f (size before relaxing)
 .debug_str     0x00091ccd       0xb3 Application/User/stm32f3xx_hal_msp.o
                              0x91983 (size before relaxing)
 .debug_str     0x00091d80       0xfb Application/User/stm32f3xx_it.o
                              0x91511 (size before relaxing)
 .debug_str     0x00091e7b      0x103 Drivers/CMSIS/system_stm32f3xx.o
                              0x90f61 (size before relaxing)
 .debug_str     0x00091f7e      0x730 Drivers/STM32F3xx_HAL_Driver/stm32f3xx_hal.o
                              0x91726 (size before relaxing)
 .debug_str     0x000926ae      0x3ce Drivers/STM32F3xx_HAL_Driver/stm32f3xx_hal_cortex.o
                              0x917e6 (size before relaxing)
 .debug_str     0x00092a7c      0x239 Drivers/STM32F3xx_HAL_Driver/stm32f3xx_hal_gpio.o
                              0x911be (size before relaxing)
 .debug_str     0x00092cb5      0x30e Drivers/STM32F3xx_HAL_Driver/stm32f3xx_hal_rcc.o
                              0x913c8 (size before relaxing)
 .debug_str     0x00092fc3       0xf5 Drivers/STM32F3xx_HAL_Driver/stm32f3xx_hal_rcc_ex.o
                              0x911d2 (size before relaxing)
 .debug_str     0x000930b8      0xd43 Drivers/STM32F3xx_HAL_Driver/stm32f3xx_hal_tim.o
                              0x9206d (size before relaxing)
 .debug_str     0x00093dfb      0x4a6 Drivers/STM32F3xx_HAL_Driver/stm32f3xx_hal_tim_ex.o
                              0x91ad3 (size before relaxing)

.debug_ranges   0x00000000      0x8a8
 .debug_ranges  0x00000000       0x20 Application/SW4STM32/startup_stm32f303xc.o
 .debug_ranges  0x00000020       0x40 Application/User/main.o
 .debug_ranges  0x00000060       0x28 Application/User/stm32f3xx_hal_msp.o
 .debug_ranges  0x00000088       0x50 Application/User/stm32f3xx_it.o
 .debug_ranges  0x000000d8       0x18 Drivers/CMSIS/system_stm32f3xx.o
 .debug_ranges  0x000000f0       0xd0 Drivers/STM32F3xx_HAL_Driver/stm32f3xx_hal.o
 .debug_ranges  0x000001c0       0xf8 Drivers/STM32F3xx_HAL_Driver/stm32f3xx_hal_cortex.o
 .debug_ranges  0x000002b8       0x48 Drivers/STM32F3xx_HAL_Driver/stm32f3xx_hal_gpio.o
 .debug_ranges  0x00000300       0x98 Drivers/STM32F3xx_HAL_Driver/stm32f3xx_hal_rcc.o
 .debug_ranges  0x00000398       0x40 Drivers/STM32F3xx_HAL_Driver/stm32f3xx_hal_rcc_ex.o
 .debug_ranges  0x000003d8      0x368 Drivers/STM32F3xx_HAL_Driver/stm32f3xx_hal_tim.o
 .debug_ranges  0x00000740      0x168 Drivers/STM32F3xx_HAL_Driver/stm32f3xx_hal_tim_ex.o

.debug_macro    0x00000000    0x18ecb
 .debug_macro   0x00000000      0x30d Application/User/main.o
 .debug_macro   0x0000030d       0xa5 Application/User/main.o
 .debug_macro   0x000003b2       0x2f Application/User/main.o
 .debug_macro   0x000003e1       0x28 Application/User/main.o
 .debug_macro   0x00000409       0x87 Application/User/main.o
 .debug_macro   0x00000490       0x51 Application/User/main.o
 .debug_macro   0x000004e1       0xef Application/User/main.o
 .debug_macro   0x000005d0      0x1df Application/User/main.o
 .debug_macro   0x000007af       0x35 Application/User/main.o
 .debug_macro   0x000007e4       0x50 Application/User/main.o
 .debug_macro   0x00000834      0xe66 Application/User/main.o
 .debug_macro   0x0000169a    0x12a4f Application/User/main.o
 .debug_macro   0x000140e9       0x43 Application/User/main.o
 .debug_macro   0x0001412c       0x58 Application/User/main.o
 .debug_macro   0x00014184       0x16 Application/User/main.o
 .debug_macro   0x0001419a       0x97 Application/User/main.o
 .debug_macro   0x00014231       0xfd Application/User/main.o
 .debug_macro   0x0001432e       0x49 Application/User/main.o
 .debug_macro   0x00014377      0x968 Application/User/main.o
 .debug_macro   0x00014cdf      0x5fe Application/User/main.o
 .debug_macro   0x000152dd      0x13a Application/User/main.o
 .debug_macro   0x00015417      0x1fb Application/User/main.o
 .debug_macro   0x00015612      0x1bc Application/User/main.o
 .debug_macro   0x000157ce       0x31 Application/User/main.o
 .debug_macro   0x000157ff       0x3c Application/User/main.o
 .debug_macro   0x0001583b      0x23a Application/User/main.o
 .debug_macro   0x00015a75       0xcb Application/User/main.o
 .debug_macro   0x00015b40      0x22b Application/User/main.o
 .debug_macro   0x00015d6b      0x209 Application/User/main.o
 .debug_macro   0x00015f74       0x5b Application/User/main.o
 .debug_macro   0x00015fcf       0x90 Application/User/main.o
 .debug_macro   0x0001605f       0x82 Application/User/main.o
 .debug_macro   0x000160e1       0xd3 Application/User/main.o
 .debug_macro   0x000161b4      0x6af Application/User/main.o
 .debug_macro   0x00016863      0x38a Application/User/main.o
 .debug_macro   0x00016bed      0x277 Application/User/main.o
 .debug_macro   0x00016e64      0x1c1 Application/User/main.o
 .debug_macro   0x00017025      0x30d Application/User/stm32f3xx_hal_msp.o
 .debug_macro   0x00017332      0x317 Application/User/stm32f3xx_it.o
 .debug_macro   0x00017649      0x304 Drivers/CMSIS/system_stm32f3xx.o
 .debug_macro   0x0001794d      0x322 Drivers/STM32F3xx_HAL_Driver/stm32f3xx_hal.o
 .debug_macro   0x00017c6f      0x2fe Drivers/STM32F3xx_HAL_Driver/stm32f3xx_hal_cortex.o
 .debug_macro   0x00017f6d      0x336 Drivers/STM32F3xx_HAL_Driver/stm32f3xx_hal_gpio.o
 .debug_macro   0x000182a3      0x322 Drivers/STM32F3xx_HAL_Driver/stm32f3xx_hal_rcc.o
 .debug_macro   0x000185c5      0x2fe Drivers/STM32F3xx_HAL_Driver/stm32f3xx_hal_rcc_ex.o
 .debug_macro   0x000188c3      0x2fe Drivers/STM32F3xx_HAL_Driver/stm32f3xx_hal_tim.o
 .debug_macro   0x00018bc1      0x30a Drivers/STM32F3xx_HAL_Driver/stm32f3xx_hal_tim_ex.o

.comment        0x00000000       0x7e
 .comment       0x00000000       0x7e Application/User/main.o
                                 0x7f (size before relaxing)
 .comment       0x0000007e       0x7f Application/User/stm32f3xx_hal_msp.o
 .comment       0x0000007e       0x7f Application/User/stm32f3xx_it.o
 .comment       0x0000007e       0x7f Drivers/CMSIS/system_stm32f3xx.o
 .comment       0x0000007e       0x7f Drivers/STM32F3xx_HAL_Driver/stm32f3xx_hal.o
 .comment       0x0000007e       0x7f Drivers/STM32F3xx_HAL_Driver/stm32f3xx_hal_cortex.o
 .comment       0x0000007e       0x7f Drivers/STM32F3xx_HAL_Driver/stm32f3xx_hal_gpio.o
 .comment       0x0000007e       0x7f Drivers/STM32F3xx_HAL_Driver/stm32f3xx_hal_rcc.o
 .comment       0x0000007e       0x7f Drivers/STM32F3xx_HAL_Driver/stm32f3xx_hal_rcc_ex.o
 .comment       0x0000007e       0x7f Drivers/STM32F3xx_HAL_Driver/stm32f3xx_hal_tim.o
 .comment       0x0000007e       0x7f Drivers/STM32F3xx_HAL_Driver/stm32f3xx_hal_tim_ex.o

.debug_frame    0x00000000     0x16e8
 .debug_frame   0x00000000       0xdc Application/User/main.o
 .debug_frame   0x000000dc       0x78 Application/User/stm32f3xx_hal_msp.o
 .debug_frame   0x00000154       0xa8 Application/User/stm32f3xx_it.o
 .debug_frame   0x000001fc       0x30 Drivers/CMSIS/system_stm32f3xx.o
 .debug_frame   0x0000022c      0x1cc Drivers/STM32F3xx_HAL_Driver/stm32f3xx_hal.o
 .debug_frame   0x000003f8      0x15c Drivers/STM32F3xx_HAL_Driver/stm32f3xx_hal_cortex.o
 .debug_frame   0x00000554       0xec Drivers/STM32F3xx_HAL_Driver/stm32f3xx_hal_gpio.o
 .debug_frame   0x00000640      0x178 Drivers/STM32F3xx_HAL_Driver/stm32f3xx_hal_rcc.o
 .debug_frame   0x000007b8       0x7c Drivers/STM32F3xx_HAL_Driver/stm32f3xx_hal_rcc_ex.o
 .debug_frame   0x00000834      0xa18 Drivers/STM32F3xx_HAL_Driver/stm32f3xx_hal_tim.o
 .debug_frame   0x0000124c      0x450 Drivers/STM32F3xx_HAL_Driver/stm32f3xx_hal_tim_ex.o
 .debug_frame   0x0000169c       0x2c c:/ac6/systemworkbench/plugins/fr.ac6.mcu.externaltools.arm-none.win32_1.16.0.201807130628/tools/compiler/bin/../lib/gcc/arm-none-eabi/7.2.1/../../../../arm-none-eabi/lib/thumb/v7e-m/fpv4-sp/hard\libc_nano.a(lib_a-init.o)
 .debug_frame   0x000016c8       0x20 c:/ac6/systemworkbench/plugins/fr.ac6.mcu.externaltools.arm-none.win32_1.16.0.201807130628/tools/compiler/bin/../lib/gcc/arm-none-eabi/7.2.1/../../../../arm-none-eabi/lib/thumb/v7e-m/fpv4-sp/hard\libc_nano.a(lib_a-memset.o)

.debug_loc      0x00000000     0x6daf
 .debug_loc     0x00000000       0x6c Application/User/stm32f3xx_hal_msp.o
 .debug_loc     0x0000006c       0xff Drivers/CMSIS/system_stm32f3xx.o
 .debug_loc     0x0000016b       0xfd Drivers/STM32F3xx_HAL_Driver/stm32f3xx_hal.o
 .debug_loc     0x00000268      0x5ce Drivers/STM32F3xx_HAL_Driver/stm32f3xx_hal_cortex.o
 .debug_loc     0x00000836      0x361 Drivers/STM32F3xx_HAL_Driver/stm32f3xx_hal_gpio.o
 .debug_loc     0x00000b97      0x946 Drivers/STM32F3xx_HAL_Driver/stm32f3xx_hal_rcc.o
 .debug_loc     0x000014dd      0x82d Drivers/STM32F3xx_HAL_Driver/stm32f3xx_hal_rcc_ex.o
 .debug_loc     0x00001d0a     0x36ec Drivers/STM32F3xx_HAL_Driver/stm32f3xx_hal_tim.o
 .debug_loc     0x000053f6     0x19b9 Drivers/STM32F3xx_HAL_Driver/stm32f3xx_hal_tim_ex.o
